// Jest Snapshot v1, https://goo.gl/fbAQLP

exports[`renders correctly 1`] = `
<div
  className="App"
>
  <HelmetWrapper
    defer={true}
    encodeSpecialCharacters={true}
  >
    <html
      lang="en"
    />
    <title
      itemProp="name"
      lang="en"
    >
      Varan
    </title>
    <meta
      charSet="utf-8"
    />
    <meta
      charSet="utf-8"
    />
    <meta
      content="ie=edge"
      httpEquiv="x-ua-compatible"
    />
    <meta
      content="width=device-width, initial-scale=1"
      name="viewport"
    />
    <meta
      content="A varan react starter app"
      name="description"
    />
    <meta
      content="website"
      name="og:type"
    />
    <meta
      content="#49aa6a"
      name="theme-color"
    />
    <link
      href="test-file-stub"
      rel="icon"
    />
  </HelmetWrapper>
  <div
    className="AppContainer"
  >
    <Connect(Nav) />
    <Switch>
      <Route
        component={[Function]}
        exact={true}
        path="/"
      />
      <Route
        component={[Function]}
        path="/about"
      />
      <Route
        component={[Function]}
      />
    </Switch>
  </div>
</div>
`;
